Microchip MPLAB XC8 Compiler V2.10 ()

Linker command line:

-W-3 --edf=C:\Program Files (x86)\Microchip\xc8\v2.10\pic\dat\en_msgs.txt \
  -cs -h+dist/default/production\Main_Module_v20.11.25.X.production.sym \
  --cmf=dist/default/production\Main_Module_v20.11.25.X.production.cmf -z \
  -Q18F46K22 -oC:\Users\EMILIANO\AppData\Local\Temp\s6s0.2 \
  --defsym=__MPLAB_BUILD=1 \
  -Mdist/default/production/Main_Module_v20.11.25.X.production.map -E1 \
  -ver=XC8 --acfsm=1493 -ASTACK=0175h-0F37h -pstack=STACK -ACODE=00h-0FFFFh \
  -ACONST=00h-0FFFFh -ASMALLCONST=01000h-010FFhx240 \
  -AMEDIUMCONST=01000h-0FFFFh -ACOMRAM=01h-05Fh -AABS1=00h-0F37h \
  -ABIGRAM=01h-0F37h -ARAM=060h-0FFh,0100h-01FFhx14,0F00h-0F37h \
  -ABANK0=060h-0FFh -ABANK1=0100h-01FFh -ABANK2=0200h-02FFh \
  -ABANK3=0300h-03FFh -ABANK4=0400h-04FFh -ABANK5=0500h-05FFh \
  -ABANK6=0600h-06FFh -ABANK7=0700h-07FFh -ABANK8=0800h-08FFh \
  -ABANK9=0900h-09FFh -ABANK10=0A00h-0AFFh -ABANK11=0B00h-0BFFh \
  -ABANK12=0C00h-0CFFh -ABANK13=0D00h-0DFFh -ABANK14=0E00h-0EFFh \
  -ABANK15=0F00h-0F37h -ASFR=0F38h-0F5Fh,0F60h-0FFFh \
  -preset_vec=00h,intcode=08h,intcodelo=018h,powerup,init -pramtop=01000h \
  -psmallconst=SMALLCONST -pmediumconst=MEDIUMCONST -pconst=CONST \
  -AFARRAM=00h-00h -ACONFIG=0300000h-030000Dh -pconfig=CONFIG \
  -AIDLOC=0200000h-0200007h -pidloc=IDLOC -AEEDATA=0F00000h-0F003FFh \
  -peeprom_data=EEDATA \
  -prdata=COMRAM,nvrram=COMRAM,nvbit=COMRAM,rbss=COMRAM,rbit=COMRAM \
  -pfarbss=FARRAM,fardata=FARRAM,nvFARRAM=FARRAM \
  -pintsave_regs=BIGRAM,bigbss=BIGRAM,bigdata=BIGRAM -pbss=RAM \
  -pidata=CODE,irdata=CODE,ibigdata=CODE,ifardata=CODE -prparam=COMRAM \
  C:\Users\EMILIANO\AppData\Local\Temp\s6s0.o \
  dist/default/production\Main_Module_v20.11.25.X.production.o 

Object code version is 3.11

Machine type is 18F46K22

Call graph: (short form)




                Name                               Link     Load   Length Selector   Space Scale
C:\Users\EMILIANO\AppData\Local\Temp\s6s0.o
                init                                 FC       FC        4        C       0
                reset_vec                             0        0        4        0       0
                idloc                            200000   200000        8   200000       0
                config                           300000   300000        E   300000       0
dist/default/production\Main_Module_v20.11.25.X.production.o
                intcodelo                            18       18       E4        C       0
                intcode                               8        8        6        4       0
                temp                                 4C       4C        1        1       1
                smallconst                         1000     1000       3C      800       0
                text91                             2BF6     2BF6       C2      81E       0
                text90                             3DF2     3DF2        6      81E       0
                text89                             3E0C     3E0C        2      81E       0
                text88                             3DEC     3DEC        6      81E       0
                text87                             2CB8     2CB8       BC      81E       0
                text86                             3E08     3E08        4      81E       0
                text85                             394C     394C       58      81E       0
                text84                             3DD2     3DD2        8      81E       0
                intcode_body                       2D74     2D74       B6      81E       0
                text82                             3A6E     3A6E       40      81E       0
                text81                             3C5E     3C5E       20      81E       0
                text80                             3BCC     3BCC       28      81E       0
                text79                             3D4C     3D4C        E      81E       0
                text78                             3DCA     3DCA        8      81E       0
                text77                             3BA4     3BA4       28      81E       0
                text76                             3D3E     3D3E        E      81E       0
                text75                             3DC2     3DC2        8      81E       0
                text73                             3C3E     3C3E       20      81E       0
                text72                             1468     1468      39C      81E       0
                text71                             3BF4     3BF4       26      81E       0
                text70                             1CA8     1CA8      1B4      81E       0
                text69                             34CA     34CA       82      81E       0
                text68                             103C     103C      42C      81E       0
                text67                             2776     2776      108      81E       0
                text66                             22BC     22BC      160      81E       0
                text65                             3E04     3E04        4      81E       0
                text64                             3DBA     3DBA        8      81E       0
                text63                             266A     266A      10C      81E       0
                text62                             3738     3738       78      81E       0
                text61                             3E00     3E00        4      81E       0
                text60                             3DB2     3DB2        8      81E       0
                text59                             33B8     33B8       8E      81E       0
                text58                             30C0     30C0       9C      81E       0
                text57                             1FE4     1FE4      174      81E       0
                text56                             3DE6     3DE6        6      81E       0
                text55                             3DAA     3DAA        8      81E       0
                text54                             36C0     36C0       78      81E       0
                text53                             3DE0     3DE0        6      81E       0
                text52                             3DA2     3DA2        8      81E       0
                text51                             3322     3322       96      81E       0
                text50                             3D98     3D98        A      81E       0
                text49                             3D8E     3D8E        A      81E       0
                text48                             3D84     3D84        A      81E       0
                text47                             3D7A     3D7A        A      81E       0
                text46                             3D70     3D70        A      81E       0
                text45                             354C     354C       7E      81E       0
                text44                             3C7E     3C7E       1E      81E       0
                text43                             3D2C     3D2C       12      81E       0
                text42                             3CD4     3CD4       18      81E       0
                text41                             39A4     39A4       46      81E       0
                text40                             3824     3824       6A      81E       0
                text39                             3020     3020       A0      81E       0
                text38                             3CB8     3CB8       1C      81E       0
                text37                             3D18     3D18       14      81E       0
                text36                             3D5A     3D5A        C      81E       0
                text35                             3DFC     3DFC        4      81E       0
                text34                             3DF8     3DF8        4      81E       0
                text33                             3D02     3D02       16      81E       0
                text32                             3DDA     3DDA        6      81E       0
                text31                             2A56     2A56       DE      81E       0
                text30                             3C9C     3C9C       1C      81E       0
                text29                             2972     2972       E4      81E       0
                text28                             2E2A     2E2A       AA      81E       0
                text27                             2F7C     2F7C       A4      81E       0
                text26                             2ED4     2ED4       A8      81E       0
                text25                             328C     328C       96      81E       0
                text24                             241C     241C      12A      81E       0
                text23                             3AAE     3AAE       3A      81E       0
                text22                             3B1E     3B1E       30      81E       0
                text21                             37B0     37B0       74      81E       0
                text20                             3446     3446       84      81E       0
                text19                             3C1A     3C1A       24      81E       0
                text18                             35CA     35CA       7C      81E       0
                text17                             1E5C     1E5C      188      81E       0
                text16                             2158     2158      164      81E       0
                text15                             3A2E     3A2E       40      81E       0
                text14                             3CEC     3CEC       16      81E       0
                text13                             38F2     38F2       5A      81E       0
                text12                             3D66     3D66        A      81E       0
                text11                             31F6     31F6       96      81E       0
                text10                             39EA     39EA       44      81E       0
                text9                              3AE8     3AE8       36      81E       0
                text8                              2B34     2B34       C2      81E       0
                text7                              1804     1804      2E4      81E       0
                text6                              1AE8     1AE8      1C0      81E       0
                text5                              388E     388E       64      81E       0
                text4                              3B7C     3B7C       28      81E       0
                text3                              3646     3646       7A      81E       0
                text2                              2546     2546      124      81E       0
                text1                              315C     315C       9A      81E       0
                text0                              287E     287E       F4      81E       0
                cstackCOMRAM                          1        1       38        1       1
                cstackBANK0                          C4       C4       3C       60       1
                cstackBANK1                         168      168        D      100       1
                bssBANK1                            100      100       68      100       1
                bssBANK0                             60       60       64       60       1
                bssCOMRAM                            39       39       13        1       1
                cinit                              3B4E     3B4E       2E      81E       0

TOTAL           Name                               Link     Load   Length     Space
        CLASS   STACK          

        CLASS   CODE           
                intcodelo                            18       18       E4         0
                intcode                               8        8        6         0
                init                                 FC       FC        4         0
                reset_vec                             0        0        4         0
                text91                             2BF6     2BF6       C2         0
                text90                             3DF2     3DF2        6         0
                text89                             3E0C     3E0C        2         0
                text88                             3DEC     3DEC        6         0
                text87                             2CB8     2CB8       BC         0
                text86                             3E08     3E08        4         0
                text85                             394C     394C       58         0
                text84                             3DD2     3DD2        8         0
                intcode_body                       2D74     2D74       B6         0
                text82                             3A6E     3A6E       40         0
                text81                             3C5E     3C5E       20         0
                text80                             3BCC     3BCC       28         0
                text79                             3D4C     3D4C        E         0
                text78                             3DCA     3DCA        8         0
                text77                             3BA4     3BA4       28         0
                text76                             3D3E     3D3E        E         0
                text75                             3DC2     3DC2        8         0
                text73                             3C3E     3C3E       20         0
                text72                             1468     1468      39C         0
                text71                             3BF4     3BF4       26         0
                text70                             1CA8     1CA8      1B4         0
                text69                             34CA     34CA       82         0
                text68                             103C     103C      42C         0
                text67                             2776     2776      108         0
                text66                             22BC     22BC      160         0
                text65                             3E04     3E04        4         0
                text64                             3DBA     3DBA        8         0
                text63                             266A     266A      10C         0
                text62                             3738     3738       78         0
                text61                             3E00     3E00        4         0
                text60                             3DB2     3DB2        8         0
                text59                             33B8     33B8       8E         0
                text58                             30C0     30C0       9C         0
                text57                             1FE4     1FE4      174         0
                text56                             3DE6     3DE6        6         0
                text55                             3DAA     3DAA        8         0
                text54                             36C0     36C0       78         0
                text53                             3DE0     3DE0        6         0
                text52                             3DA2     3DA2        8         0
                text51                             3322     3322       96         0
                text50                             3D98     3D98        A         0
                text49                             3D8E     3D8E        A         0
                text48                             3D84     3D84        A         0
                text47                             3D7A     3D7A        A         0
                text46                             3D70     3D70        A         0
                text45                             354C     354C       7E         0
                text44                             3C7E     3C7E       1E         0
                text43                             3D2C     3D2C       12         0
                text42                             3CD4     3CD4       18         0
                text41                             39A4     39A4       46         0
                text40                             3824     3824       6A         0
                text39                             3020     3020       A0         0
                text38                             3CB8     3CB8       1C         0
                text37                             3D18     3D18       14         0
                text36                             3D5A     3D5A        C         0
                text35                             3DFC     3DFC        4         0
                text34                             3DF8     3DF8        4         0
                text33                             3D02     3D02       16         0
                text32                             3DDA     3DDA        6         0
                text31                             2A56     2A56       DE         0
                text30                             3C9C     3C9C       1C         0
                text29                             2972     2972       E4         0
                text28                             2E2A     2E2A       AA         0
                text27                             2F7C     2F7C       A4         0
                text26                             2ED4     2ED4       A8         0
                text25                             328C     328C       96         0
                text24                             241C     241C      12A         0
                text23                             3AAE     3AAE       3A         0
                text22                             3B1E     3B1E       30         0
                text21                             37B0     37B0       74         0
                text20                             3446     3446       84         0
                text19                             3C1A     3C1A       24         0
                text18                             35CA     35CA       7C         0
                text17                             1E5C     1E5C      188         0
                text16                             2158     2158      164         0
                text15                             3A2E     3A2E       40         0
                text14                             3CEC     3CEC       16         0
                text13                             38F2     38F2       5A         0
                text12                             3D66     3D66        A         0
                text11                             31F6     31F6       96         0
                text10                             39EA     39EA       44         0
                text9                              3AE8     3AE8       36         0
                text8                              2B34     2B34       C2         0
                text7                              1804     1804      2E4         0
                text6                              1AE8     1AE8      1C0         0
                text5                              388E     388E       64         0
                text4                              3B7C     3B7C       28         0
                text3                              3646     3646       7A         0
                text2                              2546     2546      124         0
                text1                              315C     315C       9A         0
                text0                              287E     287E       F4         0
                cinit                              3B4E     3B4E       2E         0

        CLASS   CONST          

        CLASS   SMALLCONST     
                smallconst                         1000     1000       3C         0

        CLASS   MEDIUMCONST    

        CLASS   COMRAM         
                temp                                 4C       4C        1         1
                cstackCOMRAM                          1        1       38         1
                bssCOMRAM                            39       39       13         1

        CLASS   ABS1           

        CLASS   BIGRAM         

        CLASS   RAM            

        CLASS   BANK0          
                cstackBANK0                          C4       C4       3C         1
                bssBANK0                             60       60       64         1

        CLASS   BANK1          
                cstackBANK1                         168      168        D         1
                bssBANK1                            100      100       68         1

        CLASS   BANK2          

        CLASS   BANK3          

        CLASS   BANK4          

        CLASS   BANK5          

        CLASS   BANK6          

        CLASS   BANK7          

        CLASS   BANK8          

        CLASS   BANK9          

        CLASS   BANK10         

        CLASS   BANK11         

        CLASS   BANK12         

        CLASS   BANK13         

        CLASS   BANK14         

        CLASS   BANK15         

        CLASS   SFR            

        CLASS   FARRAM         

        CLASS   CONFIG         
                config                           300000   300000        E         0

        CLASS   IDLOC          
                idloc                            200000   200000        8         0

        CLASS   EEDATA         



SEGMENTS        Name                           Load    Length   Top    Selector   Space  Class

                reset_vec                      000000  000004  000004         0       0  CODE    
                cstackCOMRAM                   000001  00004C  00004D         1       1  COMRAM  
                intcode                        000008  000006  00000E         4       0  CODE    
                intcodelo                      000018  0000E8  000100         C       0  CODE    
                bssBANK0                       000060  0000A0  000100        60       1  BANK0   
                bssBANK1                       000100  000075  000175       100       1  BANK1   
                smallconst                     001000  00003C  00103C       800       0  SMALLCON
                text68                         00103C  002DD2  003E0E       81E       0  CODE    
                idloc                          200000  000008  200008    200000       0  IDLOC   
                config                         300000  00000E  30000E    300000       0  CONFIG  


UNUSED ADDRESS RANGES

        Name                Unused          Largest block    Delta
        BANK1            000175-0001FF               8B
        BANK10           000A00-000AFF              100
        BANK11           000B00-000BFF              100
        BANK12           000C00-000CFF              100
        BANK13           000D00-000DFF              100
        BANK14           000E00-000EFF              100
        BANK15           000F00-000F37               38
        BANK2            000200-0002FF              100
        BANK3            000300-0003FF              100
        BANK4            000400-0004FF              100
        BANK5            000500-0005FF              100
        BANK6            000600-0006FF              100
        BANK7            000700-0007FF              100
        BANK8            000800-0008FF              100
        BANK9            000900-0009FF              100
        BIGRAM           00004D-00005F               13
                         000175-000F37              DC3
        CODE             000004-000007                4
                         00000E-000017                A
                         000100-000FFF              F00
                         003E0E-00FFFF             C1F2
        COMRAM           00004D-00005F               13
        CONST            000004-000007                4
                         00000E-000017                A
                         000100-000FFF              F00
                         003E0E-00FFFF             C1F2
        EEDATA           F00000-F003FF              400
        MEDIUMCONST      003E0E-00FFFF             C1F2
        RAM              000175-000F37              100
        SFR              000F38-000FFF               28
        SMALLCONST       003E0E-00FFFF              100
        STACK            000175-000F37              DC3

                                  Symbol Table

?_ADC_GetConversion                             cstackCOMRAM 00001B
?_BH1750_Data_Read                              cstackBANK0  0000D7
?_BH1750_measure                                cstackBANK0  0000E0
?_EPWM2_duty_const                              cstackCOMRAM 000034
?_EPWM3_duty_const                              cstackBANK0  0000D7
?_TMR0_WriteTimer                               cstackCOMRAM 00002E
?___aldiv                                       cstackCOMRAM 000020
?___aodiv                                       cstackCOMRAM 000014
?___aomod                                       cstackCOMRAM 000014
?___fldiv                                       cstackCOMRAM 000028
?___flmul                                       cstackCOMRAM 000028
?___fltol                                       cstackCOMRAM 000034
?___lldiv                                       cstackCOMRAM 000014
?___lmul                                        cstackCOMRAM 000014
?___lwdiv                                       cstackCOMRAM 000014
?___wmul                                        cstackCOMRAM 000014
?___xxtofl                                      cstackCOMRAM 00001A
?_abs                                           cstackCOMRAM 000026
?_dtoa                                          cstackBANK0  0000C4
?_pad                                           cstackCOMRAM 000026
?_printf                                        cstackBANK1  000168
?_strlen                                        cstackCOMRAM 000014
?_vfpfcnvrt                                     cstackBANK0  0000E0
?_vfprintf                                      cstackBANK0  0000F0
ADC_GetConversion@accum                         cstackCOMRAM 000020
ADC_GetConversion@averaged                      cstackCOMRAM 00001B
ADC_GetConversion@channel                       cstackCOMRAM 00001F
ADC_GetConversion@count                         cstackCOMRAM 000022
BH1750_Data_Read@Read_meas                      cstackBANK0  0000DB
BH1750_Data_Read@lux_value                      cstackBANK0  0000DC
BH1750_Data_Read@raw_value                      cstackBANK0  0000DE
BH1750_measure@Data_lux                         cstackBANK0  0000E8
BH1750_measure@acum                             cstackBANK0  0000E4
BH1750_measure@average                          cstackBANK0  0000E0
BH1750_measure@channel                          cstackBANK0  0000EB
BH1750_measure@i                                cstackBANK0  0000EA
EPWM2_Initialize@freq                           cstackBANK0  0000E1
EPWM2_duty_const@freq                           cstackCOMRAM 000038
EPWM2_duty_const@interval                       bssBANK0     000096
EPWM2_engine_config@duty                        cstackBANK0  0000D7
EPWM2_engine_config@interval                    cstackBANK0  0000DA
EPWM2_engine_config@pulse_width_bit             cstackBANK0  0000DF
EPWM2_engine_config@turn                        cstackBANK0  0000DE
EPWM2_period@freq                               cstackBANK0  0000D3
EPWM2_period@freq_lure                          bssBANK0     0000C0
EPWM3_Initialize@freq                           cstackBANK0  0000E5
EPWM3_STOP@pulse_width_bit                      cstackCOMRAM 000003
EPWM3_duty_const@freq                           cstackCOMRAM 000038
EPWM3_duty_const@interval                       bssBANK0     00009A
EPWM3_engine_config@duty                        cstackBANK0  0000DB
EPWM3_engine_config@interval                    cstackBANK0  0000DE
EPWM3_engine_config@pulse_width_bit             cstackBANK0  0000E3
EPWM3_engine_config@turn                        cstackBANK0  0000E2
EPWM3_period@freq                               cstackBANK0  0000DD
EPWM3_period@freq_lure                          bssBANK0     0000C1
EUSART1_SetErrorHandler@interruptHandler        cstackCOMRAM 000014
EUSART1_SetFramingErrorHandler@interruptHandler cstackCOMRAM 000014
EUSART1_SetOverrunErrorHandler@interruptHandler cstackCOMRAM 000014
EUSART1_SetRxInterruptHandler@interruptHandler  cstackCOMRAM 000014
EUSART1_SetTxInterruptHandler@interruptHandler  cstackCOMRAM 000014
EUSART1_Write@txData                            cstackCOMRAM 000014
TMR0_Initialize@period                          cstackCOMRAM 000035
TMR0_WriteTimer@period                          cstackCOMRAM 000033
TMR0_WriteTimer@timerVal                        cstackCOMRAM 000032
TMR0_period@per                                 cstackCOMRAM 000035
TMR1_WriteTimer@timerVal                        cstackCOMRAM 00000B
TMR2_LoadPeriodRegister@periodVal               cstackCOMRAM 000014
TMR2_WriteTimer@timerVal                        cstackCOMRAM 000014
TMR3_WriteTimer@timerVal                        cstackCOMRAM 00000B
TMR4_LoadPeriodRegister@periodVal               cstackCOMRAM 000014
TMR4_WriteTimer@timerVal                        cstackCOMRAM 000014
_ADCON0                                         (abs)        000FC2
_ADCON0bits                                     (abs)        000FC2
_ADCON1                                         (abs)        000FC1
_ADCON2                                         (abs)        000FC0
_ADC_GetConversion                              text20       003446
_ADC_Initialize                                 text73       003C3E
_ADRESH                                         (abs)        000FC4
_ADRESL                                         (abs)        000FC3
_ANSELA                                         (abs)        000F38
_ANSELB                                         (abs)        000F39
_ANSELC                                         (abs)        000F3A
_ANSELD                                         (abs)        000F3B
_ANSELE                                         (abs)        000F3C
_BAUDCON1                                       (abs)        000FB8
_BH1750_Data_Read                               text28       002E2A
_BH1750_measure                                 text24       00241C
_CCP2CONbits                                    (abs)        000F66
_CCP3CONbits                                    (abs)        000F5D
_CCPR2L                                         (abs)        000F67
_CCPR3L                                         (abs)        000F5E
_CCPTMRS0bits                                   (abs)        000F49
_DataRx1                                        bssBANK0     0000BD
_ECCP2ASbits                                    (abs)        000F64
_ECCP3ASbits                                    (abs)        000F5B
_EEADR                                          (abs)        000FA9
_EEADRH                                         (abs)        000FAA
_EECON1bits                                     (abs)        000FA6
_EECON2                                         (abs)        000FA7
_EEDATA                                         (abs)        000FA8
_EPWM2_Initialize                               text59       0033B8
_EPWM2_duty_const                               text69       0034CA
_EPWM2_engine_SoftStop                          text18       0035CA
_EPWM2_engine_config                            text66       0022BC
_EPWM2_engine_off                               text19       003C1A
_EPWM2_outputs_off                              text65       003E04
_EPWM2_period                                   text62       003738
_EPWM3_Initialize                               text51       003322
_EPWM3_STOP                                     text85       00394C
_EPWM3_duty_const                               text58       0030C0
_EPWM3_engine_config                            text57       001FE4
_EPWM3_outputs_off                              text56       003DE6
_EPWM3_period                                   text54       0036C0
_EUSART1_DefaultErrorHandler                    text90       003DF2
_EUSART1_DefaultFramingErrorHandler             text89       003E0C
_EUSART1_DefaultOverrunErrorHandler             text88       003DEC
_EUSART1_ErrorHandler                           bssBANK0     0000AE
_EUSART1_FramingErrorHandler                    bssBANK0     0000B2
_EUSART1_Initialize                             text45       00354C
_EUSART1_OverrunErrorHandler                    bssBANK0     0000B0
_EUSART1_Receive_ISR                            text87       002CB8
_EUSART1_RxDataHandler                          text91       002BF6
_EUSART1_RxDefaultInterruptHandler              bssBANK0     0000B4
_EUSART1_SetErrorHandler                        text50       003D98
_EUSART1_SetFramingErrorHandler                 text49       003D8E
_EUSART1_SetOverrunErrorHandler                 text48       003D84
_EUSART1_SetRxInterruptHandler                  text47       003D7A
_EUSART1_SetTxInterruptHandler                  text46       003D70
_EUSART1_Transmit_ISR                           text82       003A6E
_EUSART1_TxDefaultInterruptHandler              bssBANK0     0000B6
_EUSART1_Write                                  text13       0038F2
_EUSART1_is_tx_ready                            text14       003CEC
_EXT_INT_init                                   text44       003C7E
_INT0_ISR                                       text86       003E08
_INT1_ISR                                       text84       003DD2
_INT2_ISR                                       text81       003C5E
_INTCON2bits                                    (abs)        000FF1
_INTCON3bits                                    (abs)        000FF0
_INTCONbits                                     (abs)        000FF2
_INTERRUPT_Initialize                           text43       003D2C
_INTERRUPT_InterruptManagerHigh                 intcode      000008
_INTERRUPT_InterruptManagerLow                  intcodelo    000018
_IPR1bits                                       (abs)        000F9F
_IPR2bits                                       (abs)        000FA2
_LATA                                           (abs)        000F89
_LATAbits                                       (abs)        000F89
_LATB                                           (abs)        000F8A
_LATC                                           (abs)        000F8B
_LATCbits                                       (abs)        000F8B
_LATD                                           (abs)        000F8C
_LATE                                           (abs)        000F8D
_MODE_BUTTON                                    bssBANK0     0000C2
_OSCCON                                         (abs)        000FD3
_OSCCON2                                        (abs)        000FD2
_OSCCON2bits                                    (abs)        000FD2
_OSCILLATOR_Initialize                          text42       003CD4
_PIE1bits                                       (abs)        000F9D
_PIE2bits                                       (abs)        000FA0
_PIN_MANAGER_Initialize                         text41       0039A4
_PIR1bits                                       (abs)        000F9E
_PIR2bits                                       (abs)        000FA1
_PORTD                                          (abs)        000F83
_PR2                                            (abs)        000FBB
_PR4                                            (abs)        000F52
_PSTR2CON                                       (abs)        000F63
_PSTR3CON                                       (abs)        000F5A
_PWM2CONbits                                    (abs)        000F65
_PWM3CONbits                                    (abs)        000F5C
_RCONbits                                       (abs)        000FD0
_RCREG1                                         (abs)        000FAE
_RCSTA1                                         (abs)        000FAB
_RCSTA1bits                                     (abs)        000FAB
_SPBRG1                                         (abs)        000FAF
_SPBRGH1                                        (abs)        000FB0
_SSP1BUF                                        (abs)        000FC9
_SSP2ADD                                        (abs)        000F6E
_SSP2BUF                                        (abs)        000F6F
_SSP2CON1                                       (abs)        000F6C
_SSP2CON2                                       (abs)        000F6B
_SSP2CON2bits                                   (abs)        000F6B
_SSP2CON3                                       (abs)        000F69
_SSP2STAT                                       (abs)        000F6D
_SSP2STATbits                                   (abs)        000F6D
_STATUS_Eng_A                                   bssCOMRAM    000040
_STATUS_Eng_V                                   bssCOMRAM    00003E
_SYSTEM_Initialize                              text22       003B1E
_T                                              bssBANK0     0000BB
_T0CON                                          (abs)        000FD5
_T0CONbits                                      (abs)        000FD5
_T1CON                                          (abs)        000FCD
_T1CONbits                                      (abs)        000FCD
_T1GCON                                         (abs)        000FCC
_T2CONbits                                      (abs)        000FBA
_T3CON                                          (abs)        000FB1
_T3CONbits                                      (abs)        000FB1
_T3GCON                                         (abs)        000FB4
_T4CONbits                                      (abs)        000F51
_TMR0H                                          (abs)        000FD7
_TMR0L                                          (abs)        000FD6
_TMR0_HasOverflowOccured                        text37       003D18
_TMR0_Initialize                                text38       003CB8
_TMR0_Reload                                    text36       003D5A
_TMR0_StartTimer                                text35       003DFC
_TMR0_StopTimer                                 text34       003DF8
_TMR0_WriteTimer                                text39       003020
_TMR0_period                                    text33       003D02
_TMR0_request_period                            text32       003DDA
_TMR1H                                          (abs)        000FCF
_TMR1L                                          (abs)        000FCE
_TMR1_ISR                                       text78       003DCA
_TMR1_Reload                                    text79       003D4C
_TMR1_WriteTimer                                text80       003BCC
_TMR2                                           (abs)        000FBC
_TMR2_LoadPeriodRegister                        text64       003DBA
_TMR2_StopTimer                                 text61       003E00
_TMR2_WriteTimer                                text60       003DB2
_TMR3H                                          (abs)        000FB3
_TMR3L                                          (abs)        000FB2
_TMR3_ISR                                       text75       003DC2
_TMR3_Reload                                    text76       003D3E
_TMR3_WriteTimer                                text77       003BA4
_TMR4                                           (abs)        000F53
_TMR4_LoadPeriodRegister                        text55       003DAA
_TMR4_StopTimer                                 text53       003DE0
_TMR4_WriteTimer                                text52       003DA2
_TRISA                                          (abs)        000F92
_TRISAbits                                      (abs)        000F92
_TRISB                                          (abs)        000F93
_TRISC                                          (abs)        000F94
_TRISCbits                                      (abs)        000F94
_TRISD                                          (abs)        000F95
_TRISE                                          (abs)        000F96
_TXREG1                                         (abs)        000FAD
_TXSTA1                                         (abs)        000FAC
_WPUB                                           (abs)        000F61
__CFG_BOREN$SBORDIS                             (abs)        000000
__CFG_BORV$220                                  (abs)        000000
__CFG_CCP2MX$PORTC1                             (abs)        000000
__CFG_CCP3MX$PORTE0                             (abs)        000000
__CFG_CP0$OFF                                   (abs)        000000
__CFG_CP1$OFF                                   (abs)        000000
__CFG_CP2$OFF                                   (abs)        000000
__CFG_CP3$OFF                                   (abs)        000000
__CFG_CPB$OFF                                   (abs)        000000
__CFG_CPD$OFF                                   (abs)        000000
__CFG_EBTR0$OFF                                 (abs)        000000
__CFG_EBTR1$OFF                                 (abs)        000000
__CFG_EBTR2$OFF                                 (abs)        000000
__CFG_EBTR3$OFF                                 (abs)        000000
__CFG_EBTRB$OFF                                 (abs)        000000
__CFG_FCMEN$ON                                  (abs)        000000
__CFG_FOSC$HSMP                                 (abs)        000000
__CFG_HFOFST$ON                                 (abs)        000000
__CFG_IESO$OFF                                  (abs)        000000
__CFG_LVP$OFF                                   (abs)        000000
__CFG_MCLRE$EXTMCLR                             (abs)        000000
__CFG_P2BMX$PORTC0                              (abs)        000000
__CFG_PBADEN$OFF                                (abs)        000000
__CFG_PLLCFG$ON                                 (abs)        000000
__CFG_PRICLKEN$ON                               (abs)        000000
__CFG_PWRTEN$ON                                 (abs)        000000
__CFG_STVREN$ON                                 (abs)        000000
__CFG_T3CMX$PORTB5                              (abs)        000000
__CFG_WDTEN$OFF                                 (abs)        000000
__CFG_WDTPS$32768                               (abs)        000000
__CFG_WRT0$OFF                                  (abs)        000000
__CFG_WRT1$OFF                                  (abs)        000000
__CFG_WRT2$OFF                                  (abs)        000000
__CFG_WRT3$OFF                                  (abs)        000000
__CFG_WRTB$OFF                                  (abs)        000000
__CFG_WRTC$OFF                                  (abs)        000000
__CFG_WRTD$OFF                                  (abs)        000000
__CFG_XINST$OFF                                 (abs)        000000
__HRAM                                          (abs)        000000
__Habs1                                         abs1         000000
__Hbank0                                        bank0        000000
__Hbank1                                        bank1        000000
__Hbank10                                       bank10       000000
__Hbank11                                       bank11       000000
__Hbank12                                       bank12       000000
__Hbank13                                       bank13       000000
__Hbank14                                       bank14       000000
__Hbank15                                       bank15       000000
__Hbank2                                        bank2        000000
__Hbank3                                        bank3        000000
__Hbank4                                        bank4        000000
__Hbank5                                        bank5        000000
__Hbank6                                        bank6        000000
__Hbank7                                        bank7        000000
__Hbank8                                        bank8        000000
__Hbank9                                        bank9        000000
__Hbigbss                                       bigbss       000000
__Hbigdata                                      bigdata      000000
__Hbigram                                       bigram       000000
__Hbss                                          bss          000000
__HbssBANK0                                     bssBANK0     000000
__HbssBANK1                                     bssBANK1     000000
__HbssCOMRAM                                    bssCOMRAM    000000
__Hcinit                                        cinit        000000
__Hclrtext                                      clrtext      000000
__Hcomram                                       comram       000000
__Hconfig                                       config       30000E
__Hconst                                        const        000000
__HcstackBANK0                                  cstackBANK0  000000
__HcstackBANK1                                  cstackBANK1  000000
__HcstackCOMRAM                                 cstackCOMRAM 000000
__Hdata                                         data         000000
__Heeprom_data                                  eeprom_data  000000
__Hfarbss                                       farbss       000000
__Hfardata                                      fardata      000000
__Hibigdata                                     ibigdata     000000
__Hidata                                        idata        000000
__Hidloc                                        idloc        200008
__Hifardata                                     ifardata     000000
__Hinit                                         init         000100
__Hintcode                                      intcode      00000E
__Hintcode_body                                 intcode_body 000000
__Hintcodelo                                    intcodelo    0000FC
__Hintentry                                     intentry     000000
__Hintret                                       intret       000000
__Hintsave_regs                                 intsave_regs 000000
__Hirdata                                       irdata       000000
__Hmediumconst                                  mediumconst  000000
__HnvFARRAM                                     nvFARRAM     000000
__Hnvbit                                        nvbit        000000
__Hnvrram                                       nvrram       000000
__Hparam                                        rparam       000000
__Hpowerup                                      powerup      0000FC
__Hram                                          ram          000000
__Hramtop                                       ramtop       001000
__Hrbit                                         rbit         000000
__Hrbss                                         rbss         000000
__Hrdata                                        rdata        000000
__Hreset_vec                                    reset_vec    000004
__Hrparam                                       rparam       000000
__Hsfr                                          sfr          000000
__Hsmallconst                                   smallconst   00103C
__Hspace_0                                      (abs)        30000E
__Hspace_1                                      (abs)        000175
__Hspace_2                                      (abs)        000000
__Hstack                                        stack        000000
__Hstruct                                       struct       000000
__Htemp                                         temp         00004D
__Htext                                         text         000000
__Htext0                                        text0        000000
__Htext1                                        text1        000000
__Htext10                                       text10       000000
__Htext11                                       text11       000000
__Htext12                                       text12       000000
__Htext13                                       text13       000000
__Htext14                                       text14       000000
__Htext15                                       text15       000000
__Htext16                                       text16       000000
__Htext17                                       text17       000000
__Htext18                                       text18       000000
__Htext19                                       text19       000000
__Htext2                                        text2        000000
__Htext20                                       text20       000000
__Htext21                                       text21       000000
__Htext22                                       text22       000000
__Htext23                                       text23       000000
__Htext24                                       text24       000000
__Htext25                                       text25       000000
__Htext26                                       text26       000000
__Htext27                                       text27       000000
__Htext28                                       text28       000000
__Htext29                                       text29       000000
__Htext3                                        text3        000000
__Htext30                                       text30       000000
__Htext31                                       text31       000000
__Htext32                                       text32       000000
__Htext33                                       text33       000000
__Htext34                                       text34       000000
__Htext35                                       text35       000000
__Htext36                                       text36       000000
__Htext37                                       text37       000000
__Htext38                                       text38       000000
__Htext39                                       text39       000000
__Htext4                                        text4        000000
__Htext40                                       text40       000000
__Htext41                                       text41       000000
__Htext42                                       text42       000000
__Htext43                                       text43       000000
__Htext44                                       text44       000000
__Htext45                                       text45       000000
__Htext46                                       text46       000000
__Htext47                                       text47       000000
__Htext48                                       text48       000000
__Htext49                                       text49       000000
__Htext5                                        text5        000000
__Htext50                                       text50       000000
__Htext51                                       text51       000000
__Htext52                                       text52       000000
__Htext53                                       text53       000000
__Htext54                                       text54       000000
__Htext55                                       text55       000000
__Htext56                                       text56       000000
__Htext57                                       text57       000000
__Htext58                                       text58       000000
__Htext59                                       text59       000000
__Htext6                                        text6        000000
__Htext60                                       text60       000000
__Htext61                                       text61       000000
__Htext62                                       text62       000000
__Htext63                                       text63       000000
__Htext64                                       text64       000000
__Htext65                                       text65       000000
__Htext66                                       text66       000000
__Htext67                                       text67       000000
__Htext68                                       text68       000000
__Htext69                                       text69       000000
__Htext7                                        text7        000000
__Htext70                                       text70       000000
__Htext71                                       text71       000000
__Htext72                                       text72       000000
__Htext73                                       text73       000000
__Htext75                                       text75       000000
__Htext76                                       text76       000000
__Htext77                                       text77       000000
__Htext78                                       text78       000000
__Htext79                                       text79       000000
__Htext8                                        text8        000000
__Htext80                                       text80       000000
__Htext81                                       text81       000000
__Htext82                                       text82       000000
__Htext84                                       text84       000000
__Htext85                                       text85       000000
__Htext86                                       text86       000000
__Htext87                                       text87       000000
__Htext88                                       text88       000000
__Htext89                                       text89       000000
__Htext9                                        text9        000000
__Htext90                                       text90       000000
__Htext91                                       text91       000000
__Htext92                                       text92       000000
__LRAM                                          (abs)        000001
__Labs1                                         abs1         000000
__Lbank0                                        bank0        000000
__Lbank1                                        bank1        000000
__Lbank10                                       bank10       000000
__Lbank11                                       bank11       000000
__Lbank12                                       bank12       000000
__Lbank13                                       bank13       000000
__Lbank14                                       bank14       000000
__Lbank15                                       bank15       000000
__Lbank2                                        bank2        000000
__Lbank3                                        bank3        000000
__Lbank4                                        bank4        000000
__Lbank5                                        bank5        000000
__Lbank6                                        bank6        000000
__Lbank7                                        bank7        000000
__Lbank8                                        bank8        000000
__Lbank9                                        bank9        000000
__Lbigbss                                       bigbss       000000
__Lbigdata                                      bigdata      000000
__Lbigram                                       bigram       000000
__Lbss                                          bss          000000
__LbssBANK0                                     bssBANK0     000000
__LbssBANK1                                     bssBANK1     000000
__LbssCOMRAM                                    bssCOMRAM    000000
__Lcinit                                        cinit        000000
__Lclrtext                                      clrtext      000000
__Lcomram                                       comram       000000
__Lconfig                                       config       300000
__Lconst                                        const        000000
__LcstackBANK0                                  cstackBANK0  000000
__LcstackBANK1                                  cstackBANK1  000000
__LcstackCOMRAM                                 cstackCOMRAM 000000
__Ldata                                         data         000000
__Leeprom_data                                  eeprom_data  000000
__Lfarbss                                       farbss       000000
__Lfardata                                      fardata      000000
__Libigdata                                     ibigdata     000000
__Lidata                                        idata        000000
__Lidloc                                        idloc        200000
__Lifardata                                     ifardata     000000
__Linit                                         init         0000FC
__Lintcode                                      intcode      000008
__Lintcode_body                                 intcode_body 000000
__Lintcodelo                                    intcodelo    000018
__Lintentry                                     intentry     000000
__Lintret                                       intret       000000
__Lintsave_regs                                 intsave_regs 000000
__Lirdata                                       irdata       000000
__Lmediumconst                                  mediumconst  000000
__LnvFARRAM                                     nvFARRAM     000000
__Lnvbit                                        nvbit        000000
__Lnvrram                                       nvrram       000000
__Lparam                                        rparam       000000
__Lpowerup                                      powerup      0000FC
__Lram                                          ram          000000
__Lramtop                                       ramtop       001000
__Lrbit                                         rbit         000000
__Lrbss                                         rbss         000000
__Lrdata                                        rdata        000000
__Lreset_vec                                    reset_vec    000000
__Lrparam                                       rparam       000000
__Lsfr                                          sfr          000000
__Lsmallconst                                   smallconst   001000
__Lspace_0                                      (abs)        000000
__Lspace_1                                      (abs)        000000
__Lspace_2                                      (abs)        000000
__Lstack                                        stack        000000
__Lstruct                                       struct       000000
__Ltemp                                         temp         00004C
__Ltext                                         text         000000
__Ltext0                                        text0        000000
__Ltext1                                        text1        000000
__Ltext10                                       text10       000000
__Ltext11                                       text11       000000
__Ltext12                                       text12       000000
__Ltext13                                       text13       000000
__Ltext14                                       text14       000000
__Ltext15                                       text15       000000
__Ltext16                                       text16       000000
__Ltext17                                       text17       000000
__Ltext18                                       text18       000000
__Ltext19                                       text19       000000
__Ltext2                                        text2        000000
__Ltext20                                       text20       000000
__Ltext21                                       text21       000000
__Ltext22                                       text22       000000
__Ltext23                                       text23       000000
__Ltext24                                       text24       000000
__Ltext25                                       text25       000000
__Ltext26                                       text26       000000
__Ltext27                                       text27       000000
__Ltext28                                       text28       000000
__Ltext29                                       text29       000000
__Ltext3                                        text3        000000
__Ltext30                                       text30       000000
__Ltext31                                       text31       000000
__Ltext32                                       text32       000000
__Ltext33                                       text33       000000
__Ltext34                                       text34       000000
__Ltext35                                       text35       000000
__Ltext36                                       text36       000000
__Ltext37                                       text37       000000
__Ltext38                                       text38       000000
__Ltext39                                       text39       000000
__Ltext4                                        text4        000000
__Ltext40                                       text40       000000
__Ltext41                                       text41       000000
__Ltext42                                       text42       000000
__Ltext43                                       text43       000000
__Ltext44                                       text44       000000
__Ltext45                                       text45       000000
__Ltext46                                       text46       000000
__Ltext47                                       text47       000000
__Ltext48                                       text48       000000
__Ltext49                                       text49       000000
__Ltext5                                        text5        000000
__Ltext50                                       text50       000000
__Ltext51                                       text51       000000
__Ltext52                                       text52       000000
__Ltext53                                       text53       000000
__Ltext54                                       text54       000000
__Ltext55                                       text55       000000
__Ltext56                                       text56       000000
__Ltext57                                       text57       000000
__Ltext58                                       text58       000000
__Ltext59                                       text59       000000
__Ltext6                                        text6        000000
__Ltext60                                       text60       000000
__Ltext61                                       text61       000000
__Ltext62                                       text62       000000
__Ltext63                                       text63       000000
__Ltext64                                       text64       000000
__Ltext65                                       text65       000000
__Ltext66                                       text66       000000
__Ltext67                                       text67       000000
__Ltext68                                       text68       000000
__Ltext69                                       text69       000000
__Ltext7                                        text7        000000
__Ltext70                                       text70       000000
__Ltext71                                       text71       000000
__Ltext72                                       text72       000000
__Ltext73                                       text73       000000
__Ltext75                                       text75       000000
__Ltext76                                       text76       000000
__Ltext77                                       text77       000000
__Ltext78                                       text78       000000
__Ltext79                                       text79       000000
__Ltext8                                        text8        000000
__Ltext80                                       text80       000000
__Ltext81                                       text81       000000
__Ltext82                                       text82       000000
__Ltext84                                       text84       000000
__Ltext85                                       text85       000000
__Ltext86                                       text86       000000
__Ltext87                                       text87       000000
__Ltext88                                       text88       000000
__Ltext89                                       text89       000000
__Ltext9                                        text9        000000
__Ltext90                                       text90       000000
__Ltext91                                       text91       000000
__Ltext92                                       text92       000000
__S0                                            (abs)        30000E
__S1                                            (abs)        000175
__S2                                            (abs)        000000
___aldiv                                        text63       00266A
___aldiv@counter                                cstackCOMRAM 000028
___aldiv@dividend                               cstackCOMRAM 000020
___aldiv@divisor                                cstackCOMRAM 000024
___aldiv@quotient                               cstackCOMRAM 00002A
___aldiv@sign                                   cstackCOMRAM 000029
___aodiv                                        text17       001E5C
___aodiv@counter                                cstackCOMRAM 000024
___aodiv@dividend                               cstackCOMRAM 000014
___aodiv@divisor                                cstackCOMRAM 00001C
___aodiv@quotient                               cstackCOMRAM 000026
___aodiv@sign                                   cstackCOMRAM 000025
___aomod                                        text16       002158
___aomod@counter                                cstackCOMRAM 000024
___aomod@dividend                               cstackCOMRAM 000014
___aomod@divisor                                cstackCOMRAM 00001C
___aomod@sign                                   cstackCOMRAM 000025
___fldiv                                        text72       001468
___fldiv@a                                      cstackCOMRAM 00002C
___fldiv@aexp                                   cstackBANK0  0000D0
___fldiv@b                                      cstackCOMRAM 000028
___fldiv@bexp                                   cstackBANK0  0000CF
___fldiv@grs                                    cstackBANK0  0000CB
___fldiv@new_exp                                cstackBANK0  0000C9
___fldiv@rem                                    cstackBANK0  0000C4
___fldiv@sign                                   cstackBANK0  0000C8
___flmul                                        text68       00103C
___flmul@a                                      cstackCOMRAM 00002C
___flmul@aexp                                   cstackBANK0  0000C5
___flmul@b                                      cstackCOMRAM 000028
___flmul@bexp                                   cstackBANK0  0000CA
___flmul@grs                                    cstackBANK0  0000C6
___flmul@prod                                   cstackBANK0  0000CB
___flmul@sign                                   cstackBANK0  0000C4
___flmul@temp                                   cstackBANK0  0000CF
___fltol                                        text67       002776
___fltol@exp1                                   cstackBANK0  0000D6
___fltol@f1                                     cstackCOMRAM 000034
___fltol@sign1                                  cstackBANK0  0000D5
___inthi_sp                                     stack        000000
___intlo_sp                                     stack        000000
___lldiv                                        text27       002F7C
___lldiv@counter                                cstackCOMRAM 000020
___lldiv@dividend                               cstackCOMRAM 000014
___lldiv@divisor                                cstackCOMRAM 000018
___lldiv@quotient                               cstackCOMRAM 00001C
___lmul                                         text40       003824
___lmul@multiplicand                            cstackCOMRAM 000018
___lmul@multiplier                              cstackCOMRAM 000014
___lmul@product                                 cstackCOMRAM 00001C
___lwdiv                                        text21       0037B0
___lwdiv@counter                                cstackCOMRAM 000018
___lwdiv@dividend                               cstackCOMRAM 000014
___lwdiv@divisor                                cstackCOMRAM 000016
___lwdiv@quotient                               cstackCOMRAM 000019
___param_bank                                   (abs)        000000
___rparam_used                                  (abs)        000001
___sp                                           stack        000000
___wmul                                         text71       003BF4
___wmul@multiplicand                            cstackCOMRAM 000016
___wmul@multiplier                              cstackCOMRAM 000014
___wmul@product                                 cstackCOMRAM 000018
___xxtofl                                       text70       001CA8
___xxtofl@arg                                   cstackCOMRAM 000024
___xxtofl@exp                                   cstackCOMRAM 000023
___xxtofl@sign                                  cstackCOMRAM 000022
___xxtofl@val                                   cstackCOMRAM 00001A
__accesstop                                     (abs)        000060
__activetblptr                                  (abs)        000003
__end_of_ADC_GetConversion                      text20       0034CA
__end_of_ADC_Initialize                         text73       003C5E
__end_of_BH1750_Data_Read                       text28       002ED4
__end_of_BH1750_measure                         text24       002546
__end_of_EPWM2_Initialize                       text59       003446
__end_of_EPWM2_duty_const                       text69       00354C
__end_of_EPWM2_engine_SoftStop                  text18       003646
__end_of_EPWM2_engine_config                    text66       00241C
__end_of_EPWM2_engine_off                       text19       003C3E
__end_of_EPWM2_outputs_off                      text65       003E08
__end_of_EPWM2_period                           text62       0037B0
__end_of_EPWM3_Initialize                       text51       0033B8
__end_of_EPWM3_STOP                             text85       0039A4
__end_of_EPWM3_duty_const                       text58       00315C
__end_of_EPWM3_engine_config                    text57       002158
__end_of_EPWM3_outputs_off                      text56       003DEC
__end_of_EPWM3_period                           text54       003738
__end_of_EUSART1_DefaultErrorHandler            text90       003DF8
__end_of_EUSART1_DefaultFramingErrorHandler     text89       003E0E
__end_of_EUSART1_DefaultOverrunErrorHandler     text88       003DF2
__end_of_EUSART1_Initialize                     text45       0035CA
__end_of_EUSART1_Receive_ISR                    text87       002D74
__end_of_EUSART1_RxDataHandler                  text91       002CB8
__end_of_EUSART1_SetErrorHandler                text50       003DA2
__end_of_EUSART1_SetFramingErrorHandler         text49       003D98
__end_of_EUSART1_SetOverrunErrorHandler         text48       003D8E
__end_of_EUSART1_SetRxInterruptHandler          text47       003D84
__end_of_EUSART1_SetTxInterruptHandler          text46       003D7A
__end_of_EUSART1_Transmit_ISR                   text82       003AAE
__end_of_EUSART1_Write                          text13       00394C
__end_of_EUSART1_is_tx_ready                    text14       003D02
__end_of_EXT_INT_init                           text44       003C9C
__end_of_INT0_ISR                               text86       003E0C
__end_of_INT1_ISR                               text84       003DDA
__end_of_INT2_ISR                               text81       003C7E
__end_of_INTERRUPT_Initialize                   text43       003D3E
__end_of_INTERRUPT_InterruptManagerHigh         intcode_body 002E2A
__end_of_INTERRUPT_InterruptManagerLow          intcodelo    0000FC
__end_of_OSCILLATOR_Initialize                  text42       003CEC
__end_of_PIN_MANAGER_Initialize                 text41       0039EA
__end_of_SYSTEM_Initialize                      text22       003B4E
__end_of_TMR0_HasOverflowOccured                text37       003D2C
__end_of_TMR0_Initialize                        text38       003CD4
__end_of_TMR0_Reload                            text36       003D66
__end_of_TMR0_StartTimer                        text35       003E00
__end_of_TMR0_StopTimer                         text34       003DFC
__end_of_TMR0_WriteTimer                        text39       0030C0
__end_of_TMR0_period                            text33       003D18
__end_of_TMR0_request_period                    text32       003DE0
__end_of_TMR1_ISR                               text78       003DD2
__end_of_TMR1_Reload                            text79       003D5A
__end_of_TMR1_WriteTimer                        text80       003BF4
__end_of_TMR2_LoadPeriodRegister                text64       003DC2
__end_of_TMR2_StopTimer                         text61       003E04
__end_of_TMR2_WriteTimer                        text60       003DBA
__end_of_TMR3_ISR                               text75       003DCA
__end_of_TMR3_Reload                            text76       003D4C
__end_of_TMR3_WriteTimer                        text77       003BCC
__end_of_TMR4_LoadPeriodRegister                text55       003DB2
__end_of_TMR4_StopTimer                         text53       003DE6
__end_of_TMR4_WriteTimer                        text52       003DAA
__end_of___aldiv                                text63       002776
__end_of___aodiv                                text17       001FE4
__end_of___aomod                                text16       0022BC
__end_of___fldiv                                text72       001804
__end_of___flmul                                text68       001468
__end_of___fltol                                text67       00287E
__end_of___lldiv                                text27       003020
__end_of___lmul                                 text40       00388E
__end_of___lwdiv                                text21       003824
__end_of___wmul                                 text71       003C1A
__end_of___xxtofl                               text70       001E5C
__end_of__initialization                        cinit        003B72
__end_of_abs                                    text15       003A6E
__end_of_azi_lim_control                        text2        00266A
__end_of_dtoa                                   text7        001AE8
__end_of_fputc                                  text11       00328C
__end_of_fputs                                  text10       003A2E
__end_of_i2c2_Open                              text26       002F7C
__end_of_i2c2_control                           text31       002B34
__end_of_i2c2_gets                              text29       002A56
__end_of_i2c2_init                              text30       003CB8
__end_of_i2c_BH1750_init                        text23       003AE8
__end_of_i2c_BH1750_open                        text25       003322
__end_of_init_App                               text1        0031F6
__end_of_jump_azi_ctrl                          text3        0036C0
__end_of_main                                   text0        002972
__end_of_pad                                    text8        002BF6
__end_of_printf                                 text4        003BA4
__end_of_putch                                  text12       003D70
__end_of_strlen                                 text9        003B1E
__end_of_vfpfcnvrt                              text6        001CA8
__end_of_vfprintf                               text5        0038F2
__initialization                                cinit        003B4E
__mediumconst                                   mediumconst  000000
__pbssBANK0                                     bssBANK0     000060
__pbssBANK1                                     bssBANK1     000100
__pbssCOMRAM                                    bssCOMRAM    000039
__pcinit                                        cinit        003B4E
__pcstackBANK0                                  cstackBANK0  0000C4
__pcstackBANK1                                  cstackBANK1  000168
__pcstackCOMRAM                                 cstackCOMRAM 000001
__pintcode                                      intcode      000008
__pintcode_body                                 intcode_body 002D74
__pintcodelo                                    intcodelo    000018
__psmallconst                                   smallconst   001000
__ptext0                                        text0        00287E
__ptext1                                        text1        00315C
__ptext10                                       text10       0039EA
__ptext11                                       text11       0031F6
__ptext12                                       text12       003D66
__ptext13                                       text13       0038F2
__ptext14                                       text14       003CEC
__ptext15                                       text15       003A2E
__ptext16                                       text16       002158
__ptext17                                       text17       001E5C
__ptext18                                       text18       0035CA
__ptext19                                       text19       003C1A
__ptext2                                        text2        002546
__ptext20                                       text20       003446
__ptext21                                       text21       0037B0
__ptext22                                       text22       003B1E
__ptext23                                       text23       003AAE
__ptext24                                       text24       00241C
__ptext25                                       text25       00328C
__ptext26                                       text26       002ED4
__ptext27                                       text27       002F7C
__ptext28                                       text28       002E2A
__ptext29                                       text29       002972
__ptext3                                        text3        003646
__ptext30                                       text30       003C9C
__ptext31                                       text31       002A56
__ptext32                                       text32       003DDA
__ptext33                                       text33       003D02
__ptext34                                       text34       003DF8
__ptext35                                       text35       003DFC
__ptext36                                       text36       003D5A
__ptext37                                       text37       003D18
__ptext38                                       text38       003CB8
__ptext39                                       text39       003020
__ptext4                                        text4        003B7C
__ptext40                                       text40       003824
__ptext41                                       text41       0039A4
__ptext42                                       text42       003CD4
[...]
      Params:         0       0       0       0       0       0       0       0       0       0       0       0       0       0       0       0       0
      Locals:         0       0       0       0       0       0       0       0       0       0       0       0       0       0       0       0       0
      Temps:          0       0       0       0       0       0       0       0       0       0       0       0       0       0       0       0       0
      Totals:         0       0       0       0       0       0       0       0       0       0       0       0       0       0       0       0       0
Total ram usage:        0 bytes
 Hardware stack levels used:    1
 Hardware stack levels required when called:    1
 This function calls:
		_EPWM3_STOP
 This function is called by:
		_INTERRUPT_InterruptManagerHigh
 This function uses a non-reentrant model


 *************** function _EPWM3_STOP *****************
 Defined at:
		line 201 in file "mcc_generated_files/epwm3.c"
 Parameters:    Size  Location     Type
		None
 Auto vars:     Size  Location     Type
  pulse_width_    2    2[COMRAM] unsigned short 
 Return value:  Size  Location     Type
                  1    wreg      void 
 Registers used:
		wreg, status,2, status,0, prodl, prodh
 Tracked objects:
		On entry : 
		On exit  : 
		Unchanged: 
 Data sizes:     COMRAM   BANK0   BANK1   BANK2   BANK3   BANK4   BANK5   BANK6   BANK7   BANK8   BANK9  BANK10  BANK11  BANK12  BANK13  BANK14  BANK15
      Params:         0       0       0       0       0       0       0       0       0       0       0       0       0       0       0       0       0
      Locals:         2       0       0       0       0       0       0       0       0       0       0       0       0       0       0       0       0
      Temps:          2       0       0       0       0       0       0       0       0       0       0       0       0       0       0       0       0
      Totals:         4       0       0       0       0       0       0       0       0       0       0       0       0       0       0       0       0
Total ram usage:        4 bytes
 Hardware stack levels used:    1
 This function calls:
		Nothing
 This function is called by:
		_INT1_ISR
 This function uses a non-reentrant model


 *************** function _INT0_ISR *****************
 Defined at:
		line 58 in file "mcc_generated_files/interrupt_manager.c"
 Parameters:    Size  Location     Type
		None
 Auto vars:     Size  Location     Type
		None
 Return value:  Size  Location     Type
                  1    wreg      void 
 Registers used:
		None
 Tracked objects:
		On entry : 
		On exit  : 
		Unchanged: 
 Data sizes:     COMRAM   BANK0   BANK1   BANK2   BANK3   BANK4   BANK5   BANK6   BANK7   BANK8   BANK9  BANK10  BANK11  BANK12  BANK13  BANK14  BANK15
      Params:         0       0       0       0       0       0       0       0       0       0       0       0       0       0       0       0       0
      Locals:         0       0       0       0       0       0       0       0       0       0       0       0       0       0       0       0       0
      Temps:          0       0       0       0       0       0       0       0       0       0       0       0       0       0       0       0       0
      Totals:         0       0       0       0       0       0       0       0       0       0       0       0       0       0       0       0       0
Total ram usage:        0 bytes
 Hardware stack levels used:    1
 This function calls:
		Nothing
 This function is called by:
		_INTERRUPT_InterruptManagerHigh
 This function uses a non-reentrant model


 *************** function _EUSART1_Receive_ISR *****************
 Defined at:
		line 192 in file "mcc_generated_files/eusart1.c"
 Parameters:    Size  Location     Type
		None
 Auto vars:     Size  Location     Type
		None
 Return value:  Size  Location     Type
                  1    wreg      void 
 Registers used:
		wreg, fsr2l, fsr2h, status,2, status,0, pclath, tosl, cstack
 Tracked objects:
		On entry : 
		On exit  : 
		Unchanged: 
 Data sizes:     COMRAM   BANK0   BANK1   BANK2   BANK3   BANK4   BANK5   BANK6   BANK7   BANK8   BANK9  BANK10  BANK11  BANK12  BANK13  BANK14  BANK15
      Params:         0       0       0       0       0       0       0       0       0       0       0       0       0       0       0       0       0
      Locals:         0       0       0       0       0       0       0       0       0       0       0       0       0       0       0       0       0
      Temps:          0       0       0       0       0       0       0       0       0       0       0       0       0       0       0       0       0
      Totals:         0       0       0       0       0       0       0       0       0       0       0       0       0       0       0       0       0
Total ram usage:        0 bytes
 Hardware stack levels used:    1
 Hardware stack levels required when called:    2
 This function calls:
		Absolute function
		_EUSART1_DefaultErrorHandler
		_EUSART1_DefaultFramingErrorHandler
		_EUSART1_DefaultOverrunErrorHandler
		_EUSART1_RxDataHandler
 This function is called by:
		_EUSART1_Initialize
		_INTERRUPT_InterruptManagerHigh
 This function uses a non-reentrant model


 *************** function _EUSART1_DefaultOverrunErrorHandler *****************
 Defined at:
		line 239 in file "mcc_generated_files/eusart1.c"
 Parameters:    Size  Location     Type
		None
 Auto vars:     Size  Location     Type
		None
 Return value:  Size  Location     Type
                  1    wreg      void 
 Registers used:
		None
 Tracked objects:
		On entry : 
		On exit  : 
		Unchanged: 
 Data sizes:     COMRAM   BANK0   BANK1   BANK2   BANK3   BANK4   BANK5   BANK6   BANK7   BANK8   BANK9  BANK10  BANK11  BANK12  BANK13  BANK14  BANK15
      Params:         0       0       0       0       0       0       0       0       0       0       0       0       0       0       0       0       0
      Locals:         0       0       0       0       0       0       0       0       0       0       0       0       0       0       0       0       0
      Temps:          0       0       0       0       0       0       0       0       0       0       0       0       0       0       0       0       0
      Totals:         0       0       0       0       0       0       0       0       0       0       0       0       0       0       0       0       0
Total ram usage:        0 bytes
 Hardware stack levels used:    1
 This function calls:
		Nothing
 This function is called by:
		_EUSART1_Initialize
		_EUSART1_Receive_ISR
 This function uses a non-reentrant model


 *************** function _EUSART1_DefaultFramingErrorHandler *****************
 Defined at:
		line 235 in file "mcc_generated_files/eusart1.c"
 Parameters:    Size  Location     Type
		None
 Auto vars:     Size  Location     Type
		None
 Return value:  Size  Location     Type
                  1    wreg      void 
 Registers used:
		None
 Tracked objects:
		On entry : 
		On exit  : 
		Unchanged: 
 Data sizes:     COMRAM   BANK0   BANK1   BANK2   BANK3   BANK4   BANK5   BANK6   BANK7   BANK8   BANK9  BANK10  BANK11  BANK12  BANK13  BANK14  BANK15
      Params:         0       0       0       0       0       0       0       0       0       0       0       0       0       0       0       0       0
      Locals:         0       0       0       0       0       0       0       0       0       0       0       0       0       0       0       0       0
      Temps:          0       0       0       0       0       0       0       0       0       0       0       0       0       0       0       0       0
      Totals:         0       0       0       0       0       0       0       0       0       0       0       0       0       0       0       0       0
Total ram usage:        0 bytes
 Hardware stack levels used:    1
 This function calls:
		Nothing
 This function is called by:
		_EUSART1_Initialize
		_EUSART1_Receive_ISR
 This function uses a non-reentrant model


 *************** function _EUSART1_DefaultErrorHandler *****************
 Defined at:
		line 245 in file "mcc_generated_files/eusart1.c"
 Parameters:    Size  Location     Type
		None
 Auto vars:     Size  Location     Type
		None
 Return value:  Size  Location     Type
                  1    wreg      void 
 Registers used:
		wreg, fsr2l, fsr2h, status,2, status,0, cstack
 Tracked objects:
		On entry : 
		On exit  : 
		Unchanged: 
 Data sizes:     COMRAM   BANK0   BANK1   BANK2   BANK3   BANK4   BANK5   BANK6   BANK7   BANK8   BANK9  BANK10  BANK11  BANK12  BANK13  BANK14  BANK15
      Params:         0       0       0       0       0       0       0       0       0       0       0       0       0       0       0       0       0
      Locals:         0       0       0       0       0       0       0       0       0       0       0       0       0       0       0       0       0
      Temps:          0       0       0       0       0       0       0       0       0       0       0       0       0       0       0       0       0
      Totals:         0       0       0       0       0       0       0       0       0       0       0       0       0       0       0       0       0
Total ram usage:        0 bytes
 Hardware stack levels used:    1
 Hardware stack levels required when called:    1
 This function calls:
		_EUSART1_RxDataHandler
 This function is called by:
		_EUSART1_Initialize
		_EUSART1_Receive_ISR
 This function uses a non-reentrant model


 *************** function _EUSART1_RxDataHandler *****************
 Defined at:
		line 210 in file "mcc_generated_files/eusart1.c"
 Parameters:    Size  Location     Type
		None
 Auto vars:     Size  Location     Type
		None
 Return value:  Size  Location     Type
                  1    wreg      void 
 Registers used:
		wreg, fsr2l, fsr2h, status,2, status,0
 Tracked objects:
		On entry : 
		On exit  : 
		Unchanged: 
 Data sizes:     COMRAM   BANK0   BANK1   BANK2   BANK3   BANK4   BANK5   BANK6   BANK7   BANK8   BANK9  BANK10  BANK11  BANK12  BANK13  BANK14  BANK15
      Params:         0       0       0       0       0       0       0       0       0       0       0       0       0       0       0       0       0
      Locals:         0       0       0       0       0       0       0       0       0       0       0       0       0       0       0       0       0
      Temps:          1       0       0       0       0       0       0       0       0       0       0       0       0       0       0       0       0
      Totals:         1       0       0       0       0       0       0       0       0       0       0       0       0       0       0       0       0
Total ram usage:        1 bytes
 Hardware stack levels used:    1
 This function calls:
		Nothing
 This function is called by:
		_EUSART1_Receive_ISR
		_EUSART1_DefaultErrorHandler
 This function uses a non-reentrant model



MODULE INFORMATION

Module		Function		Class		Link	Load	Size
C:\Program Files (x86)\Microchip\xc8\v2.10\pic\sources\c99\common\Umul32.c
		___lmul        		CODE           	3824	0000	107

C:\Program Files (x86)\Microchip\xc8\v2.10\pic\sources\c99\common\Umul32.c estimated size: 107

C:\Program Files (x86)\Microchip\xc8\v2.10\pic\sources\c99\common\aodiv.c
		___aodiv       		CODE           	1E5C	0000	393

C:\Program Files (x86)\Microchip\xc8\v2.10\pic\sources\c99\common\aodiv.c estimated size: 393

mcc_generated_files/tmr4.c
		_TMR4_LoadPeriodRegister		CODE           	3DAA	0000	9
		_TMR4_StopTimer		CODE           	3DE0	0000	7
		_TMR4_WriteTimer		CODE           	3DA2	0000	9

mcc_generated_files/tmr4.c estimated size: 25

C:\Program Files (x86)\Microchip\xc8\v2.10\pic\sources\c99\common\xxtofl.c
		___xxtofl      		CODE           	1CA8	0000	437

C:\Program Files (x86)\Microchip\xc8\v2.10\pic\sources\c99\common\xxtofl.c estimated size: 437

mcc_generated_files/tmr2.c
		_TMR2_LoadPeriodRegister		CODE           	3DBA	0000	9
		_TMR2_StopTimer		CODE           	3E00	0000	5
		_TMR2_WriteTimer		CODE           	3DB2	0000	9

mcc_generated_files/tmr2.c estimated size: 23

mcc_generated_files/interrupt_manager.c
		_INTERRUPT_Initialize		CODE           	3D2C	0000	19
		_EXT_INT_init  		CODE           	3C7E	0000	31
		_INTERRUPT_InterruptManagerLow		CODE           	0018	0000	229
		_INT0_ISR      		CODE           	3E08	0000	5
		_INTERRUPT_InterruptManagerHigh		CODE           	0008	0000	189
		_INT1_ISR      		CODE           	3DD2	0000	9
		_INT2_ISR      		CODE           	3C5E	0000	33

mcc_generated_files/interrupt_manager.c estimated size: 515

C:\Program Files (x86)\Microchip\xc8\v2.10\pic\sources\c99\common\lwdiv.c
		___lwdiv       		CODE           	37B0	0000	117

C:\Program Files (x86)\Microchip\xc8\v2.10\pic\sources\c99\common\lwdiv.c estimated size: 117

mcc_generated_files/epwm2.c
		_EPWM2_duty_const		CODE           	34CA	0000	131
		_EPWM2_period  		CODE           	3738	0000	121
		_EPWM2_Initialize		CODE           	33B8	0000	143
		_EPWM2_engine_SoftStop		CODE           	35CA	0000	125
		_EPWM2_engine_config		CODE           	22BC	0000	353
		_EPWM2_outputs_off		CODE           	3E04	0000	5
		_EPWM2_engine_off		CODE           	3C1A	0000	37

mcc_generated_files/epwm2.c estimated size: 915

C:\Program Files (x86)\Microchip\xc8\v2.10\pic\sources\c99\common\strlen.c
		_strlen        		CODE           	3AE8	0000	55

C:\Program Files (x86)\Microchip\xc8\v2.10\pic\sources\c99\common\strlen.c estimated size: 55

C:\Program Files (x86)\Microchip\xc8\v2.10\pic\sources\c99\common\fltol.c
		___fltol       		CODE           	2776	0000	265

C:\Program Files (x86)\Microchip\xc8\v2.10\pic\sources\c99\common\fltol.c estimated size: 265

mcc_generated_files/tmr0.c
		_TMR0_StopTimer		CODE           	3DF8	0000	5
		_TMR0_request_period		CODE           	3DDA	0000	7
		_TMR0_Reload   		CODE           	3D5A	0000	13
		_TMR0_WriteTimer		CODE           	3020	0000	161
		_TMR0_StartTimer		CODE           	3DFC	0000	5
		_TMR0_period   		CODE           	3D02	0000	23
		_TMR0_HasOverflowOccured		CODE           	3D18	0000	21
		_TMR0_Initialize		CODE           	3CB8	0000	29

mcc_generated_files/tmr0.c estimated size: 264

C:\Program Files (x86)\Microchip\xc8\v2.10\pic\sources\c99\common\aldiv.c
		___aldiv       		CODE           	266A	0000	269

C:\Program Files (x86)\Microchip\xc8\v2.10\pic\sources\c99\common\aldiv.c estimated size: 269

mcc_generated_files/pin_manager.c
		_PIN_MANAGER_Initialize		CODE           	39A4	0000	71

mcc_generated_files/pin_manager.c estimated size: 71

C:\Program Files (x86)\Microchip\xc8\v2.10\pic\sources\c99\common\sprcmul.c
		___flmul       		CODE           	103C	0000	1069

C:\Program Files (x86)\Microchip\xc8\v2.10\pic\sources\c99\common\sprcmul.c estimated size: 1069

C:\Program Files (x86)\Microchip\xc8\v2.10\pic\sources\c99\common\__lldiv.c
		___lldiv       		CODE           	2F7C	0000	165

C:\Program Files (x86)\Microchip\xc8\v2.10\pic\sources\c99\common\__lldiv.c estimated size: 165

C:\Program Files (x86)\Microchip\xc8\v2.10\pic\sources\c99\common\sprcdiv.c
		___fldiv       		CODE           	1468	0000	925

C:\Program Files (x86)\Microchip\xc8\v2.10\pic\sources\c99\common\sprcdiv.c estimated size: 925

mcc_generated_files/adc.c
		_ADC_Initialize		CODE           	3C3E	0000	33
		_ADC_GetConversion		CODE           	3446	0000	133

mcc_generated_files/adc.c estimated size: 166

C:\Program Files (x86)\Microchip\xc8\v2.10\pic\sources\c99\common\doprnt.c
		_vfpfcnvrt     		CODE           	1AE8	0000	449
		_pad           		CODE           	2B34	0000	195
		_dtoa          		CODE           	1804	0000	741
		_vfprintf      		CODE           	388E	0000	101

C:\Program Files (x86)\Microchip\xc8\v2.10\pic\sources\c99\common\doprnt.c estimated size: 1486

C:\Program Files (x86)\Microchip\xc8\v2.10\pic\sources\c99\common\nf_fputs.c
		_fputs         		CODE           	39EA	0000	69

C:\Program Files (x86)\Microchip\xc8\v2.10\pic\sources\c99\common\nf_fputs.c estimated size: 69

mcc_generated_files/i2c2_master.c
		_i2c2_gets     		CODE           	2972	0000	229
		_i2c2_Open     		CODE           	2ED4	0000	169
		_i2c2_control  		CODE           	2A56	0000	223
		_i2c2_init     		CODE           	3C9C	0000	29

mcc_generated_files/i2c2_master.c estimated size: 650

shared
		__initialization		CODE           	3B4E	0000	37

shared estimated size: 37

mcc_generated_files/eusart1.c
		_EUSART1_SetRxInterruptHandler		CODE           	3D7A	0000	11
		_EUSART1_SetTxInterruptHandler		CODE           	3D70	0000	11
		_EUSART1_is_tx_ready		CODE           	3CEC	0000	23
		_EUSART1_Initialize		CODE           	354C	0000	127
		_putch         		CODE           	3D66	0000	11
		_EUSART1_DefaultErrorHandler		CODE           	3DF2	0000	7
		_EUSART1_SetFramingErrorHandler		CODE           	3D8E	0000	11
		_EUSART1_SetOverrunErrorHandler		CODE           	3D84	0000	11
		_EUSART1_SetErrorHandler		CODE           	3D98	0000	11
		_EUSART1_Write 		CODE           	38F2	0000	91
		_EUSART1_Receive_ISR		CODE           	2CB8	0000	189
		_EUSART1_RxDataHandler		CODE           	2BF6	0000	195
		_EUSART1_DefaultOverrunErrorHandler		CODE           	3DEC	0000	7
		_EUSART1_Transmit_ISR		CODE           	3A6E	0000	65
		_EUSART1_DefaultFramingErrorHandler		CODE           	3E0C	0000	3

mcc_generated_files/eusart1.c estimated size: 773

mcc_generated_files/mcc.c
		_OSCILLATOR_Initialize		CODE           	3CD4	0000	25
		_SYSTEM_Initialize		CODE           	3B1E	0000	49

mcc_generated_files/mcc.c estimated size: 74

mcc_generated_files/tmr3.c
		_TMR3_ISR      		CODE           	3DC2	0000	9
		_TMR3_Reload   		CODE           	3D3E	0000	15
		_TMR3_WriteTimer		CODE           	3BA4	0000	41

mcc_generated_files/tmr3.c estimated size: 65

mcc_generated_files/epwm3.c
		_EPWM3_duty_const		CODE           	30C0	0000	157
		_EPWM3_STOP    		CODE           	394C	0000	89
		_EPWM3_period  		CODE           	36C0	0000	121
		_EPWM3_Initialize		CODE           	3322	0000	151
		_EPWM3_engine_config		CODE           	1FE4	0000	373
		_EPWM3_outputs_off		CODE           	3DE6	0000	7

mcc_generated_files/epwm3.c estimated size: 898

mcc_generated_files/tmr1.c
		_TMR1_Reload   		CODE           	3D4C	0000	15
		_TMR1_WriteTimer		CODE           	3BCC	0000	41
		_TMR1_ISR      		CODE           	3DCA	0000	9

mcc_generated_files/tmr1.c estimated size: 65

C:\Program Files (x86)\Microchip\xc8\v2.10\pic\sources\c99\common\aomod.c
		___aomod       		CODE           	2158	0000	357

C:\Program Files (x86)\Microchip\xc8\v2.10\pic\sources\c99\common\aomod.c estimated size: 357

C:\Program Files (x86)\Microchip\xc8\v2.10\pic\sources\c99\common\abs.c
		_abs           		CODE           	3A2E	0000	65

C:\Program Files (x86)\Microchip\xc8\v2.10\pic\sources\c99\common\abs.c estimated size: 65

C:\Program Files (x86)\Microchip\xc8\v2.10\pic\sources\c99\common\Umul16.c
		___wmul        		CODE           	3BF4	0000	39

C:\Program Files (x86)\Microchip\xc8\v2.10\pic\sources\c99\common\Umul16.c estimated size: 39

user.c
		_azi_lim_control		CODE           	2546	0000	293
		_init_App      		CODE           	315C	0000	155
		_jump_azi_ctrl 		CODE           	3646	0000	123

user.c estimated size: 571

main.c
		_main          		CODE           	287E	0000	245

main.c estimated size: 245

mcc_generated_files/Light_sensor_I2C.c
		_i2c_BH1750_open		CODE           	328C	0000	151
		_i2c_BH1750_init		CODE           	3AAE	0000	59
		_BH1750_Data_Read		CODE           	2E2A	0000	171
		_BH1750_measure		CODE           	241C	0000	299

mcc_generated_files/Light_sensor_I2C.c estimated size: 680

C:\Program Files (x86)\Microchip\xc8\v2.10\pic\sources\c99\common\printf.c
		_printf        		CODE           	3B7C	0000	41

C:\Program Files (x86)\Microchip\xc8\v2.10\pic\sources\c99\common\printf.c estimated size: 41

C:\Program Files (x86)\Microchip\xc8\v2.10\pic\sources\c99\common\nf_fputc.c
		_fputc         		CODE           	31F6	0000	151

C:\Program Files (x86)\Microchip\xc8\v2.10\pic\sources\c99\common\nf_fputc.c estimated size: 151

